// Jest Snapshot v1, https://goo.gl/fbAQLP

exports[`renders ItemShort with defaults 1`] = `
<div
  class="base"
  data-testid="item-short"
>
  <figure>
    <div
      style="width: 100%; height: 100%;"
    >
      <div
        style="width: 100%; height: 100%;"
      >
        <div />
      </div>
    </div>
  </figure>
</div>
`;
