// Jest Snapshot v1, https://goo.gl/fbAQLP

exports[`renders Item with expected data 1`] = `
<div>
  <article
    class="base"
    data-testid="item"
  >
    <div>
      <figure>
        <div
          class="base"
          data-color="coral"
          data-testid="item-media"
        >
          <img
            alt=""
            src="https://compote.slate.com/images/2cb1d7b0-e8fa-4d4a-9048-a3db60b81e87.jpeg?width=1560"
          />
        </div>
      </figure>
      <div
        class="contentContainer"
      >
        <div
          class="copy"
        >
          <cite>
            Slate
          </cite>
          <h3>
            Why American Kids Grow Up Hating Exercise
          </h3>
          <p>
            Huffing through yet another long run together, my friend and I got to talking about how unlikely it was that the two of us had, one, met at the gym, and two, were now training for a marathon.
          </p>
        </div>
        <footer>
          <cite>
            Slate
          </cite>
          <div
            class="base"
            data-testid="item-actions"
          >
            <svg
              aria-hidden="true"
              class="icon "
              fill="currentColor"
              viewBox="0 0 24 24"
              xmlns="http://www.w3.org/2000/svg"
            >
              <path
                d="M14 12a2 2 0 1 1-4 0 2 2 0 0 1 4 0M6 12a2 2 0 1 1-4 0 2 2 0 0 1 4 0M22 12a2 2 0 1 1-4 0 2 2 0 0 1 4 0"
              />
            </svg>
          </div>
        </footer>
      </div>
    </div>
  </article>
</div>
`;
