// Jest Snapshot v1, https://goo.gl/fbAQLP

exports[`renders ItemMedia with an image 1`] = `
<div>
  <div
    class="base"
    data-color="teal"
    data-testid="item-media"
  >
    <img
      alt=""
      src="https://pocket-image-cache.com/640x/filters:format(WEBP):quality(100):no_upscale():strip_exif()/https%3A%2F%2Fs3.amazonaws.com%2Fpocket-curatedcorpusapi-prod-images%2Fbb0c75a9-4d69-495c-9804-7083ed2afa06.jpeg"
    />
  </div>
</div>
`;

exports[`renders ItemMedia with no image 1`] = `
<div>
  <div
    class="base"
    data-color="teal"
    data-testid="item-media"
  >
    <svg
      viewBox="0 0 1280 720"
    >
      <rect
        height="720"
        style="opacity: 0.3;"
        width="1280"
      />
      <polygon
        points="0,525 480,584 960,443 1440,839  1920,4 640,360 0,360"
        style="opacity: 0.2;"
      />
      <polygon
        points="0,673 640,482 1280,71 1920,6 640,360 0,360"
        style="opacity: 0.2;"
      />
      <polygon
        points="0,29 640,309 1280,4 1920,248 640,360 0,360"
        style="opacity: 0.2;"
      />
      <polygon
        points="0,256 1920,7 640,360 0,360"
        style="opacity: 0.2;"
      />
      <polygon
        points="0,153 1920,4 640,360 0,360"
        style="opacity: 0.2;"
      />
    </svg>
  </div>
</div>
`;
